Analysis & Synthesis report for Project
Sat Nov 30 17:26:48 2024
Quartus II 64-Bit Version 13.0.1 Build 232 06/12/2013 Service Pack 1 SJ Web Edition


---------------------
; Table of Contents ;
---------------------
  1. Legal Notice
  2. Analysis & Synthesis Summary
  3. Analysis & Synthesis Settings
  4. Parallel Compilation
  5. Parameter Settings for User Entity Instance: UARTBaudRateGenerator:instUARTBaudRateGenerator|ClockDivider:instClockDivider
  6. Parameter Settings for User Entity Instance: UARTBaudRateGenerator:instUARTBaudRateGenerator|MUX8:instMUX8
  7. Parameter Settings for User Entity Instance: PackedRegister:SCCR
  8. Parameter Settings for User Entity Instance: MUX8:Bus
  9. Parameter Settings for User Entity Instance: PackedRegister:RDR
 10. Parameter Settings for User Entity Instance: ShiftRegister8:RSR|MUX4:\generateMUX:7:MUX4Inst
 11. Parameter Settings for User Entity Instance: ShiftRegister8:RSR|MUX4:\generateMUX:6:MUX4Inst
 12. Parameter Settings for User Entity Instance: ShiftRegister8:RSR|MUX4:\generateMUX:5:MUX4Inst
 13. Parameter Settings for User Entity Instance: ShiftRegister8:RSR|MUX4:\generateMUX:4:MUX4Inst
 14. Parameter Settings for User Entity Instance: ShiftRegister8:RSR|MUX4:\generateMUX:3:MUX4Inst
 15. Parameter Settings for User Entity Instance: ShiftRegister8:RSR|MUX4:\generateMUX:2:MUX4Inst
 16. Parameter Settings for User Entity Instance: ShiftRegister8:RSR|MUX4:\generateMUX:1:MUX4Inst
 17. Parameter Settings for User Entity Instance: ShiftRegister8:RSR|MUX4:\generateMUX:0:MUX4Inst
 18. Parameter Settings for User Entity Instance: PackedRegister:SCSR
 19. Parameter Settings for User Entity Instance: ShiftRegister8:TSR|MUX4:\generateMUX:7:MUX4Inst
 20. Parameter Settings for User Entity Instance: ShiftRegister8:TSR|MUX4:\generateMUX:6:MUX4Inst
 21. Parameter Settings for User Entity Instance: ShiftRegister8:TSR|MUX4:\generateMUX:5:MUX4Inst
 22. Parameter Settings for User Entity Instance: ShiftRegister8:TSR|MUX4:\generateMUX:4:MUX4Inst
 23. Parameter Settings for User Entity Instance: ShiftRegister8:TSR|MUX4:\generateMUX:3:MUX4Inst
 24. Parameter Settings for User Entity Instance: ShiftRegister8:TSR|MUX4:\generateMUX:2:MUX4Inst
 25. Parameter Settings for User Entity Instance: ShiftRegister8:TSR|MUX4:\generateMUX:1:MUX4Inst
 26. Parameter Settings for User Entity Instance: ShiftRegister8:TSR|MUX4:\generateMUX:0:MUX4Inst
 27. Parameter Settings for User Entity Instance: PackedRegister:TDR
 28. Port Connectivity Checks: "UARTTransmitterController:instUARTTransmitterController|Counter16D:CTR"
 29. Port Connectivity Checks: "UARTTransmitterController:instUARTTransmitterController|enARdFF_2:\generateDFF:0:dffInst"
 30. Port Connectivity Checks: "UARTTransmitterController:instUARTTransmitterController|enARdFF_2:\generateDFF:1:dffInst"
 31. Port Connectivity Checks: "ShiftRegister8:RSR|enARdFF_2:\generateDFF:0:DFFInst"
 32. Port Connectivity Checks: "ShiftRegister8:RSR|enARdFF_2:\generateDFF:1:DFFInst"
 33. Port Connectivity Checks: "ShiftRegister8:RSR|enARdFF_2:\generateDFF:2:DFFInst"
 34. Port Connectivity Checks: "ShiftRegister8:RSR|enARdFF_2:\generateDFF:3:DFFInst"
 35. Port Connectivity Checks: "ShiftRegister8:RSR|enARdFF_2:\generateDFF:4:DFFInst"
 36. Port Connectivity Checks: "ShiftRegister8:RSR|enARdFF_2:\generateDFF:5:DFFInst"
 37. Port Connectivity Checks: "ShiftRegister8:RSR|enARdFF_2:\generateDFF:6:DFFInst"
 38. Port Connectivity Checks: "ShiftRegister8:RSR|enARdFF_2:\generateDFF:7:DFFInst"
 39. Port Connectivity Checks: "UARTReceiverController:instIUARTReceiverController|Counter16D:CTR1"
 40. Port Connectivity Checks: "UARTReceiverController:instIUARTReceiverController|Counter16D:CTR0|enARdFF_2:\generateDFF:0:dffInst"
 41. Port Connectivity Checks: "UARTReceiverController:instIUARTReceiverController|Counter16D:CTR0|enARdFF_2:\generateDFF:1:dffInst"
 42. Port Connectivity Checks: "UARTReceiverController:instIUARTReceiverController|Counter16D:CTR0|enARdFF_2:\generateDFF:2:dffInst"
 43. Port Connectivity Checks: "UARTReceiverController:instIUARTReceiverController|Counter16D:CTR0|enARdFF_2:\generateDFF:3:dffInst"
 44. Port Connectivity Checks: "UARTReceiverController:instIUARTReceiverController|Counter16D:CTR0"
 45. Port Connectivity Checks: "UARTReceiverController:instIUARTReceiverController|enARdFF_2:\generateDFF:0:dffInst"
 46. Port Connectivity Checks: "UARTReceiverController:instIUARTReceiverController|enARdFF_2:\generateDFF:1:dffInst"
 47. Port Connectivity Checks: "UARTReceiverController:instIUARTReceiverController|enARdFF_2:\generateDFF:2:dffInst"
 48. Port Connectivity Checks: "UARTReceiverController:instIUARTReceiverController|enARdFF_2:\generateDFF:3:dffInst"
 49. Port Connectivity Checks: "PackedRegister:SCCR|enARdFF_2:\generateDFF:0:DFFInst"
 50. Port Connectivity Checks: "PackedRegister:SCCR|enARdFF_2:\generateDFF:1:DFFInst"
 51. Port Connectivity Checks: "PackedRegister:SCCR|enARdFF_2:\generateDFF:2:DFFInst"
 52. Port Connectivity Checks: "PackedRegister:SCCR|enARdFF_2:\generateDFF:3:DFFInst"
 53. Port Connectivity Checks: "PackedRegister:SCCR|enARdFF_2:\generateDFF:4:DFFInst"
 54. Port Connectivity Checks: "PackedRegister:SCCR|enARdFF_2:\generateDFF:5:DFFInst"
 55. Port Connectivity Checks: "PackedRegister:SCCR|enARdFF_2:\generateDFF:6:DFFInst"
 56. Port Connectivity Checks: "PackedRegister:SCCR|enARdFF_2:\generateDFF:7:DFFInst"
 57. Port Connectivity Checks: "UARTBaudRateGenerator:instUARTBaudRateGenerator|Counter8:instCounter8Divider|enARdFF_2:\generateDFF:0:dffInst"
 58. Port Connectivity Checks: "UARTBaudRateGenerator:instUARTBaudRateGenerator|Counter8:instCounter8Divider|enARdFF_2:\generateDFF:1:dffInst"
 59. Port Connectivity Checks: "UARTBaudRateGenerator:instUARTBaudRateGenerator|Counter8:instCounter8Divider|enARdFF_2:\generateDFF:2:dffInst"
 60. Port Connectivity Checks: "UARTBaudRateGenerator:instUARTBaudRateGenerator|Counter8:instCounter8Divider"
 61. Port Connectivity Checks: "UARTBaudRateGenerator:instUARTBaudRateGenerator|Counter256:instCounter256|enARdFF_2:\generateDFF:0:dffInst"
 62. Port Connectivity Checks: "UARTBaudRateGenerator:instUARTBaudRateGenerator|Counter256:instCounter256|enARdFF_2:\generateDFF:1:dffInst"
 63. Port Connectivity Checks: "UARTBaudRateGenerator:instUARTBaudRateGenerator|Counter256:instCounter256|enARdFF_2:\generateDFF:2:dffInst"
 64. Port Connectivity Checks: "UARTBaudRateGenerator:instUARTBaudRateGenerator|Counter256:instCounter256|enARdFF_2:\generateDFF:3:dffInst"
 65. Port Connectivity Checks: "UARTBaudRateGenerator:instUARTBaudRateGenerator|Counter256:instCounter256|enARdFF_2:\generateDFF:4:dffInst"
 66. Port Connectivity Checks: "UARTBaudRateGenerator:instUARTBaudRateGenerator|Counter256:instCounter256|enARdFF_2:\generateDFF:5:dffInst"
 67. Port Connectivity Checks: "UARTBaudRateGenerator:instUARTBaudRateGenerator|Counter256:instCounter256|enARdFF_2:\generateDFF:6:dffInst"
 68. Port Connectivity Checks: "UARTBaudRateGenerator:instUARTBaudRateGenerator|Counter256:instCounter256|enARdFF_2:\generateDFF:7:dffInst"
 69. Port Connectivity Checks: "UARTBaudRateGenerator:instUARTBaudRateGenerator|Counter256:instCounter256"
 70. Analysis & Synthesis Messages



----------------
; Legal Notice ;
----------------
Copyright (C) 1991-2013 Altera Corporation
Your use of Altera Corporation's design tools, logic functions 
and other software and tools, and its AMPP partner logic 
functions, and any output files from any of the foregoing 
(including device programming or simulation files), and any 
associated documentation or information are expressly subject 
to the terms and conditions of the Altera Program License 
Subscription Agreement, Altera MegaCore Function License 
Agreement, or other applicable license agreement, including, 
without limitation, that your use is for the sole purpose of 
programming logic devices manufactured by Altera and sold by 
Altera or its authorized distributors.  Please refer to the 
applicable agreement for further details.



+--------------------------------------------------------------------------------------+
; Analysis & Synthesis Summary                                                         ;
+------------------------------------+-------------------------------------------------+
; Analysis & Synthesis Status        ; Failed - Sat Nov 30 17:26:48 2024               ;
; Quartus II 64-Bit Version          ; 13.0.1 Build 232 06/12/2013 SP 1 SJ Web Edition ;
; Revision Name                      ; Project                                         ;
; Top-level Entity Name              ; UART                                            ;
; Family                             ; Cyclone IV E                                    ;
; Total logic elements               ; N/A until Partition Merge                       ;
;     Total combinational functions  ; N/A until Partition Merge                       ;
;     Dedicated logic registers      ; N/A until Partition Merge                       ;
; Total registers                    ; N/A until Partition Merge                       ;
; Total pins                         ; N/A until Partition Merge                       ;
; Total virtual pins                 ; N/A until Partition Merge                       ;
; Total memory bits                  ; N/A until Partition Merge                       ;
; Embedded Multiplier 9-bit elements ; N/A until Partition Merge                       ;
; Total PLLs                         ; N/A until Partition Merge                       ;
+------------------------------------+-------------------------------------------------+


+----------------------------------------------------------------------------------------------------------------------+
; Analysis & Synthesis Settings                                                                                        ;
+----------------------------------------------------------------------------+--------------------+--------------------+
; Option                                                                     ; Setting            ; Default Value      ;
+----------------------------------------------------------------------------+--------------------+--------------------+
; Device                                                                     ; EP4CE115F29C7      ;                    ;
; Top-level entity name                                                      ; UART               ; Project            ;
; Family name                                                                ; Cyclone IV E       ; Cyclone IV GX      ;
; Use smart compilation                                                      ; Off                ; Off                ;
; Enable parallel Assembler and TimeQuest Timing Analyzer during compilation ; On                 ; On                 ;
; Enable compact report table                                                ; Off                ; Off                ;
; Restructure Multiplexers                                                   ; Auto               ; Auto               ;
; Create Debugging Nodes for IP Cores                                        ; Off                ; Off                ;
; Preserve fewer node names                                                  ; On                 ; On                 ;
; Disable OpenCore Plus hardware evaluation                                  ; Off                ; Off                ;
; Verilog Version                                                            ; Verilog_2001       ; Verilog_2001       ;
; VHDL Version                                                               ; VHDL_1993          ; VHDL_1993          ;
; State Machine Processing                                                   ; Auto               ; Auto               ;
; Safe State Machine                                                         ; Off                ; Off                ;
; Extract Verilog State Machines                                             ; On                 ; On                 ;
; Extract VHDL State Machines                                                ; On                 ; On                 ;
; Ignore Verilog initial constructs                                          ; Off                ; Off                ;
; Iteration limit for constant Verilog loops                                 ; 5000               ; 5000               ;
; Iteration limit for non-constant Verilog loops                             ; 250                ; 250                ;
; Add Pass-Through Logic to Inferred RAMs                                    ; On                 ; On                 ;
; Infer RAMs from Raw Logic                                                  ; On                 ; On                 ;
; Parallel Synthesis                                                         ; On                 ; On                 ;
; DSP Block Balancing                                                        ; Auto               ; Auto               ;
; NOT Gate Push-Back                                                         ; On                 ; On                 ;
; Power-Up Don't Care                                                        ; On                 ; On                 ;
; Remove Redundant Logic Cells                                               ; Off                ; Off                ;
; Remove Duplicate Registers                                                 ; On                 ; On                 ;
; Ignore CARRY Buffers                                                       ; Off                ; Off                ;
; Ignore CASCADE Buffers                                                     ; Off                ; Off                ;
; Ignore GLOBAL Buffers                                                      ; Off                ; Off                ;
; Ignore ROW GLOBAL Buffers                                                  ; Off                ; Off                ;
; Ignore LCELL Buffers                                                       ; Off                ; Off                ;
; Ignore SOFT Buffers                                                        ; On                 ; On                 ;
; Limit AHDL Integers to 32 Bits                                             ; Off                ; Off                ;
; Optimization Technique                                                     ; Balanced           ; Balanced           ;
; Carry Chain Length                                                         ; 70                 ; 70                 ;
; Auto Carry Chains                                                          ; On                 ; On                 ;
; Auto Open-Drain Pins                                                       ; On                 ; On                 ;
; Perform WYSIWYG Primitive Resynthesis                                      ; Off                ; Off                ;
; Auto ROM Replacement                                                       ; On                 ; On                 ;
; Auto RAM Replacement                                                       ; On                 ; On                 ;
; Auto DSP Block Replacement                                                 ; On                 ; On                 ;
; Auto Shift Register Replacement                                            ; Auto               ; Auto               ;
; Allow Shift Register Merging across Hierarchies                            ; Auto               ; Auto               ;
; Auto Clock Enable Replacement                                              ; On                 ; On                 ;
; Strict RAM Replacement                                                     ; Off                ; Off                ;
; Allow Synchronous Control Signals                                          ; On                 ; On                 ;
; Force Use of Synchronous Clear Signals                                     ; Off                ; Off                ;
; Auto RAM Block Balancing                                                   ; On                 ; On                 ;
; Auto RAM to Logic Cell Conversion                                          ; Off                ; Off                ;
; Auto Resource Sharing                                                      ; Off                ; Off                ;
; Allow Any RAM Size For Recognition                                         ; Off                ; Off                ;
; Allow Any ROM Size For Recognition                                         ; Off                ; Off                ;
; Allow Any Shift Register Size For Recognition                              ; Off                ; Off                ;
; Use LogicLock Constraints during Resource Balancing                        ; On                 ; On                 ;
; Ignore translate_off and synthesis_off directives                          ; Off                ; Off                ;
; Timing-Driven Synthesis                                                    ; On                 ; On                 ;
; Report Parameter Settings                                                  ; On                 ; On                 ;
; Report Source Assignments                                                  ; On                 ; On                 ;
; Report Connectivity Checks                                                 ; On                 ; On                 ;
; Ignore Maximum Fan-Out Assignments                                         ; Off                ; Off                ;
; Synchronization Register Chain Length                                      ; 2                  ; 2                  ;
; PowerPlay Power Optimization                                               ; Normal compilation ; Normal compilation ;
; HDL message level                                                          ; Level2             ; Level2             ;
; Suppress Register Optimization Related Messages                            ; Off                ; Off                ;
; Number of Removed Registers Reported in Synthesis Report                   ; 5000               ; 5000               ;
; Number of Swept Nodes Reported in Synthesis Report                         ; 5000               ; 5000               ;
; Number of Inverted Registers Reported in Synthesis Report                  ; 100                ; 100                ;
; Clock MUX Protection                                                       ; On                 ; On                 ;
; Auto Gated Clock Conversion                                                ; Off                ; Off                ;
; Block Design Naming                                                        ; Auto               ; Auto               ;
; SDC constraint protection                                                  ; Off                ; Off                ;
; Synthesis Effort                                                           ; Auto               ; Auto               ;
; Shift Register Replacement - Allow Asynchronous Clear Signal               ; On                 ; On                 ;
; Pre-Mapping Resynthesis Optimization                                       ; Off                ; Off                ;
; Analysis & Synthesis Message Level                                         ; Medium             ; Medium             ;
; Disable Register Merging Across Hierarchies                                ; Auto               ; Auto               ;
; Resource Aware Inference For Block RAM                                     ; On                 ; On                 ;
; Synthesis Seed                                                             ; 1                  ; 1                  ;
+----------------------------------------------------------------------------+--------------------+--------------------+


Parallel compilation was disabled, but you have multiple processors available. Enable parallel compilation to reduce compilation time.
+-------------------------------------+
; Parallel Compilation                ;
+----------------------------+--------+
; Processors                 ; Number ;
+----------------------------+--------+
; Number detected on machine ; 20     ;
; Maximum allowed            ; 1      ;
+----------------------------+--------+


+----------------------------------------------------------------------------------------------------------------------------+
; Parameter Settings for User Entity Instance: UARTBaudRateGenerator:instUARTBaudRateGenerator|ClockDivider:instClockDivider ;
+----------------+-------+---------------------------------------------------------------------------------------------------+
; Parameter Name ; Value ; Type                                                                                              ;
+----------------+-------+---------------------------------------------------------------------------------------------------+
; w              ; 6     ; Signed Integer                                                                                    ;
; n              ; 41    ; Signed Integer                                                                                    ;
+----------------+-------+---------------------------------------------------------------------------------------------------+
Note: In order to hide this table in the UI and the text report file, please set the "Show Parameter Settings in Synthesis Report" option in "Analysis and Synthesis Settings -> More Settings" to "Off".


+------------------------------------------------------------------------------------------------------------+
; Parameter Settings for User Entity Instance: UARTBaudRateGenerator:instUARTBaudRateGenerator|MUX8:instMUX8 ;
+----------------+-------+-----------------------------------------------------------------------------------+
; Parameter Name ; Value ; Type                                                                              ;
+----------------+-------+-----------------------------------------------------------------------------------+
; t              ; 0     ; Signed Integer                                                                    ;
+----------------+-------+-----------------------------------------------------------------------------------+
Note: In order to hide this table in the UI and the text report file, please set the "Show Parameter Settings in Synthesis Report" option in "Analysis and Synthesis Settings -> More Settings" to "Off".


+------------------------------------------------------------------+
; Parameter Settings for User Entity Instance: PackedRegister:SCCR ;
+----------------+-------+-----------------------------------------+
; Parameter Name ; Value ; Type                                    ;
+----------------+-------+-----------------------------------------+
; t              ; 7     ; Signed Integer                          ;
+----------------+-------+-----------------------------------------+
Note: In order to hide this table in the UI and the text report file, please set the "Show Parameter Settings in Synthesis Report" option in "Analysis and Synthesis Settings -> More Settings" to "Off".


+-------------------------------------------------------+
; Parameter Settings for User Entity Instance: MUX8:Bus ;
+----------------+-------+------------------------------+
; Parameter Name ; Value ; Type                         ;
+----------------+-------+------------------------------+
; t              ; 7     ; Signed Integer               ;
+----------------+-------+------------------------------+
Note: In order to hide this table in the UI and the text report file, please set the "Show Parameter Settings in Synthesis Report" option in "Analysis and Synthesis Settings -> More Settings" to "Off".


+-----------------------------------------------------------------+
; Parameter Settings for User Entity Instance: PackedRegister:RDR ;
+----------------+-------+----------------------------------------+
; Parameter Name ; Value ; Type                                   ;
+----------------+-------+----------------------------------------+
; t              ; 7     ; Signed Integer                         ;
+----------------+-------+----------------------------------------+
Note: In order to hide this table in the UI and the text report file, please set the "Show Parameter Settings in Synthesis Report" option in "Analysis and Synthesis Settings -> More Settings" to "Off".


+----------------------------------------------------------------------------------------------+
; Parameter Settings for User Entity Instance: ShiftRegister8:RSR|MUX4:\generateMUX:7:MUX4Inst ;
+----------------+-------+---------------------------------------------------------------------+
; Parameter Name ; Value ; Type                                                                ;
+----------------+-------+---------------------------------------------------------------------+
; t              ; 0     ; Signed Integer                                                      ;
+----------------+-------+---------------------------------------------------------------------+
Note: In order to hide this table in the UI and the text report file, please set the "Show Parameter Settings in Synthesis Report" option in "Analysis and Synthesis Settings -> More Settings" to "Off".


+----------------------------------------------------------------------------------------------+
; Parameter Settings for User Entity Instance: ShiftRegister8:RSR|MUX4:\generateMUX:6:MUX4Inst ;
+----------------+-------+---------------------------------------------------------------------+
; Parameter Name ; Value ; Type                                                                ;
+----------------+-------+---------------------------------------------------------------------+
; t              ; 0     ; Signed Integer                                                      ;
+----------------+-------+---------------------------------------------------------------------+
Note: In order to hide this table in the UI and the text report file, please set the "Show Parameter Settings in Synthesis Report" option in "Analysis and Synthesis Settings -> More Settings" to "Off".


+----------------------------------------------------------------------------------------------+
; Parameter Settings for User Entity Instance: ShiftRegister8:RSR|MUX4:\generateMUX:5:MUX4Inst ;
+----------------+-------+---------------------------------------------------------------------+
; Parameter Name ; Value ; Type                                                                ;
+----------------+-------+---------------------------------------------------------------------+
; t              ; 0     ; Signed Integer                                                      ;
+----------------+-------+---------------------------------------------------------------------+
Note: In order to hide this table in the UI and the text report file, please set the "Show Parameter Settings in Synthesis Report" option in "Analysis and Synthesis Settings -> More Settings" to "Off".


+----------------------------------------------------------------------------------------------+
; Parameter Settings for User Entity Instance: ShiftRegister8:RSR|MUX4:\generateMUX:4:MUX4Inst ;
+----------------+-------+---------------------------------------------------------------------+
; Parameter Name ; Value ; Type                                                                ;
+----------------+-------+---------------------------------------------------------------------+
; t              ; 0     ; Signed Integer                                                      ;
+----------------+-------+---------------------------------------------------------------------+
Note: In order to hide this table in the UI and the text report file, please set the "Show Parameter Settings in Synthesis Report" option in "Analysis and Synthesis Settings -> More Settings" to "Off".


+----------------------------------------------------------------------------------------------+
; Parameter Settings for User Entity Instance: ShiftRegister8:RSR|MUX4:\generateMUX:3:MUX4Inst ;
+----------------+-------+---------------------------------------------------------------------+
; Parameter Name ; Value ; Type                                                                ;
+----------------+-------+---------------------------------------------------------------------+
; t              ; 0     ; Signed Integer                                                      ;
+----------------+-------+---------------------------------------------------------------------+
Note: In order to hide this table in the UI and the text report file, please set the "Show Parameter Settings in Synthesis Report" option in "Analysis and Synthesis Settings -> More Settings" to "Off".


+----------------------------------------------------------------------------------------------+
; Parameter Settings for User Entity Instance: ShiftRegister8:RSR|MUX4:\generateMUX:2:MUX4Inst ;
+----------------+-------+---------------------------------------------------------------------+
; Parameter Name ; Value ; Type                                                                ;
+----------------+-------+---------------------------------------------------------------------+
; t              ; 0     ; Signed Integer                                                      ;
+----------------+-------+---------------------------------------------------------------------+
Note: In order to hide this table in the UI and the text report file, please set the "Show Parameter Settings in Synthesis Report" option in "Analysis and Synthesis Settings -> More Settings" to "Off".


+----------------------------------------------------------------------------------------------+
; Parameter Settings for User Entity Instance: ShiftRegister8:RSR|MUX4:\generateMUX:1:MUX4Inst ;
+----------------+-------+---------------------------------------------------------------------+
; Parameter Name ; Value ; Type                                                                ;
+----------------+-------+---------------------------------------------------------------------+
; t              ; 0     ; Signed Integer                                                      ;
+----------------+-------+---------------------------------------------------------------------+
Note: In order to hide this table in the UI and the text report file, please set the "Show Parameter Settings in Synthesis Report" option in "Analysis and Synthesis Settings -> More Settings" to "Off".


+----------------------------------------------------------------------------------------------+
; Parameter Settings for User Entity Instance: ShiftRegister8:RSR|MUX4:\generateMUX:0:MUX4Inst ;
+----------------+-------+---------------------------------------------------------------------+
; Parameter Name ; Value ; Type                                                                ;
+----------------+-------+---------------------------------------------------------------------+
; t              ; 0     ; Signed Integer                                                      ;
+----------------+-------+---------------------------------------------------------------------+
Note: In order to hide this table in the UI and the text report file, please set the "Show Parameter Settings in Synthesis Report" option in "Analysis and Synthesis Settings -> More Settings" to "Off".


+------------------------------------------------------------------+
; Parameter Settings for User Entity Instance: PackedRegister:SCSR ;
+----------------+-------+-----------------------------------------+
; Parameter Name ; Value ; Type                                    ;
+----------------+-------+-----------------------------------------+
; t              ; 7     ; Signed Integer                          ;
+----------------+-------+-----------------------------------------+
Note: In order to hide this table in the UI and the text report file, please set the "Show Parameter Settings in Synthesis Report" option in "Analysis and Synthesis Settings -> More Settings" to "Off".


+----------------------------------------------------------------------------------------------+
; Parameter Settings for User Entity Instance: ShiftRegister8:TSR|MUX4:\generateMUX:7:MUX4Inst ;
+----------------+-------+---------------------------------------------------------------------+
; Parameter Name ; Value ; Type                                                                ;
+----------------+-------+---------------------------------------------------------------------+
; t              ; 0     ; Signed Integer                                                      ;
+----------------+-------+---------------------------------------------------------------------+
Note: In order to hide this table in the UI and the text report file, please set the "Show Parameter Settings in Synthesis Report" option in "Analysis and Synthesis Settings -> More Settings" to "Off".


+----------------------------------------------------------------------------------------------+
; Parameter Settings for User Entity Instance: ShiftRegister8:TSR|MUX4:\generateMUX:6:MUX4Inst ;
+----------------+-------+---------------------------------------------------------------------+
; Parameter Name ; Value ; Type                                                                ;
+----------------+-------+---------------------------------------------------------------------+
; t              ; 0     ; Signed Integer                                                      ;
+----------------+-------+---------------------------------------------------------------------+
Note: In order to hide this table in the UI and the text report file, please set the "Show Parameter Settings in Synthesis Report" option in "Analysis and Synthesis Settings -> More Settings" to "Off".


+----------------------------------------------------------------------------------------------+
; Parameter Settings for User Entity Instance: ShiftRegister8:TSR|MUX4:\generateMUX:5:MUX4Inst ;
+----------------+-------+---------------------------------------------------------------------+
; Parameter Name ; Value ; Type                                                                ;
+----------------+-------+---------------------------------------------------------------------+
; t              ; 0     ; Signed Integer                                                      ;
+----------------+-------+---------------------------------------------------------------------+
Note: In order to hide this table in the UI and the text report file, please set the "Show Parameter Settings in Synthesis Report" option in "Analysis and Synthesis Settings -> More Settings" to "Off".


+----------------------------------------------------------------------------------------------+
; Parameter Settings for User Entity Instance: ShiftRegister8:TSR|MUX4:\generateMUX:4:MUX4Inst ;
+----------------+-------+---------------------------------------------------------------------+
; Parameter Name ; Value ; Type                                                                ;
+----------------+-------+---------------------------------------------------------------------+
; t              ; 0     ; Signed Integer                                                      ;
+----------------+-------+---------------------------------------------------------------------+
Note: In order to hide this table in the UI and the text report file, please set the "Show Parameter Settings in Synthesis Report" option in "Analysis and Synthesis Settings -> More Settings" to "Off".


+----------------------------------------------------------------------------------------------+
; Parameter Settings for User Entity Instance: ShiftRegister8:TSR|MUX4:\generateMUX:3:MUX4Inst ;
+----------------+-------+---------------------------------------------------------------------+
; Parameter Name ; Value ; Type                                                                ;
+----------------+-------+---------------------------------------------------------------------+
; t              ; 0     ; Signed Integer                                                      ;
+----------------+-------+---------------------------------------------------------------------+
Note: In order to hide this table in the UI and the text report file, please set the "Show Parameter Settings in Synthesis Report" option in "Analysis and Synthesis Settings -> More Settings" to "Off".


+----------------------------------------------------------------------------------------------+
; Parameter Settings for User Entity Instance: ShiftRegister8:TSR|MUX4:\generateMUX:2:MUX4Inst ;
+----------------+-------+---------------------------------------------------------------------+
; Parameter Name ; Value ; Type                                                                ;
+----------------+-------+---------------------------------------------------------------------+
; t              ; 0     ; Signed Integer                                                      ;
+----------------+-------+---------------------------------------------------------------------+
Note: In order to hide this table in the UI and the text report file, please set the "Show Parameter Settings in Synthesis Report" option in "Analysis and Synthesis Settings -> More Settings" to "Off".


+----------------------------------------------------------------------------------------------+
; Parameter Settings for User Entity Instance: ShiftRegister8:TSR|MUX4:\generateMUX:1:MUX4Inst ;
+----------------+-------+---------------------------------------------------------------------+
; Parameter Name ; Value ; Type                                                                ;
+----------------+-------+---------------------------------------------------------------------+
; t              ; 0     ; Signed Integer                                                      ;
+----------------+-------+---------------------------------------------------------------------+
Note: In order to hide this table in the UI and the text report file, please set the "Show Parameter Settings in Synthesis Report" option in "Analysis and Synthesis Settings -> More Settings" to "Off".


+----------------------------------------------------------------------------------------------+
; Parameter Settings for User Entity Instance: ShiftRegister8:TSR|MUX4:\generateMUX:0:MUX4Inst ;
+----------------+-------+---------------------------------------------------------------------+
; Parameter Name ; Value ; Type                                                                ;
+----------------+-------+---------------------------------------------------------------------+
; t              ; 0     ; Signed Integer                                                      ;
+----------------+-------+---------------------------------------------------------------------+
Note: In order to hide this table in the UI and the text report file, please set the "Show Parameter Settings in Synthesis Report" option in "Analysis and Synthesis Settings -> More Settings" to "Off".


+-----------------------------------------------------------------+
; Parameter Settings for User Entity Instance: PackedRegister:TDR ;
+----------------+-------+----------------------------------------+
; Parameter Name ; Value ; Type                                   ;
+----------------+-------+----------------------------------------+
; t              ; 7     ; Signed Integer                         ;
+----------------+-------+----------------------------------------+
Note: In order to hide this table in the UI and the text report file, please set the "Show Parameter Settings in Synthesis Report" option in "Analysis and Synthesis Settings -> More Settings" to "Off".


+-----------------------------------------------------------------------------------------------------------------------+
; Port Connectivity Checks: "UARTTransmitterController:instUARTTransmitterController|Counter16D:CTR"                    ;
+-------------+--------+----------+-------------------------------------------------------------------------------------+
; Port        ; Type   ; Severity ; Details                                                                             ;
+-------------+--------+----------+-------------------------------------------------------------------------------------+
; input[2..0] ; Input  ; Info     ; Stuck at GND                                                                        ;
; input[3]    ; Input  ; Info     ; Stuck at VCC                                                                        ;
; expire      ; Output ; Info     ; Connected to dangling logic. Logic that only feeds a dangling port will be removed. ;
; value       ; Output ; Info     ; Connected to dangling logic. Logic that only feeds a dangling port will be removed. ;
+-------------+--------+----------+-------------------------------------------------------------------------------------+


+----------------------------------------------------------------------------------------------------------------------+
; Port Connectivity Checks: "UARTTransmitterController:instUARTTransmitterController|enARdFF_2:\generateDFF:0:dffInst" ;
+----------+--------+----------+---------------------------------------------------------------------------------------+
; Port     ; Type   ; Severity ; Details                                                                               ;
+----------+--------+----------+---------------------------------------------------------------------------------------+
; i_enable ; Input  ; Info     ; Stuck at VCC                                                                          ;
; o_q      ; Output ; Info     ; Connected to dangling logic. Logic that only feeds a dangling port will be removed.   ;
; o_qbar   ; Output ; Info     ; Connected to dangling logic. Logic that only feeds a dangling port will be removed.   ;
+----------+--------+----------+---------------------------------------------------------------------------------------+


+----------------------------------------------------------------------------------------------------------------------+
; Port Connectivity Checks: "UARTTransmitterController:instUARTTransmitterController|enARdFF_2:\generateDFF:1:dffInst" ;
+----------+--------+----------+---------------------------------------------------------------------------------------+
; Port     ; Type   ; Severity ; Details                                                                               ;
+----------+--------+----------+---------------------------------------------------------------------------------------+
; i_enable ; Input  ; Info     ; Stuck at VCC                                                                          ;
; o_q      ; Output ; Info     ; Connected to dangling logic. Logic that only feeds a dangling port will be removed.   ;
; o_qbar   ; Output ; Info     ; Connected to dangling logic. Logic that only feeds a dangling port will be removed.   ;
+----------+--------+----------+---------------------------------------------------------------------------------------+


+--------------------------------------------------------------------------------------------------------------------+
; Port Connectivity Checks: "ShiftRegister8:RSR|enARdFF_2:\generateDFF:0:DFFInst"                                    ;
+----------+--------+----------+-------------------------------------------------------------------------------------+
; Port     ; Type   ; Severity ; Details                                                                             ;
+----------+--------+----------+-------------------------------------------------------------------------------------+
; i_enable ; Input  ; Info     ; Stuck at VCC                                                                        ;
; o_qbar   ; Output ; Info     ; Connected to dangling logic. Logic that only feeds a dangling port will be removed. ;
+----------+--------+----------+-------------------------------------------------------------------------------------+


+--------------------------------------------------------------------------------------------------------------------+
; Port Connectivity Checks: "ShiftRegister8:RSR|enARdFF_2:\generateDFF:1:DFFInst"                                    ;
+----------+--------+----------+-------------------------------------------------------------------------------------+
; Port     ; Type   ; Severity ; Details                                                                             ;
+----------+--------+----------+-------------------------------------------------------------------------------------+
; i_enable ; Input  ; Info     ; Stuck at VCC                                                                        ;
; o_qbar   ; Output ; Info     ; Connected to dangling logic. Logic that only feeds a dangling port will be removed. ;
+----------+--------+----------+-------------------------------------------------------------------------------------+


+--------------------------------------------------------------------------------------------------------------------+
; Port Connectivity Checks: "ShiftRegister8:RSR|enARdFF_2:\generateDFF:2:DFFInst"                                    ;
+----------+--------+----------+-------------------------------------------------------------------------------------+
; Port     ; Type   ; Severity ; Details                                                                             ;
+----------+--------+----------+-------------------------------------------------------------------------------------+
; i_enable ; Input  ; Info     ; Stuck at VCC                                                                        ;
; o_qbar   ; Output ; Info     ; Connected to dangling logic. Logic that only feeds a dangling port will be removed. ;
+----------+--------+----------+-------------------------------------------------------------------------------------+


+--------------------------------------------------------------------------------------------------------------------+
; Port Connectivity Checks: "ShiftRegister8:RSR|enARdFF_2:\generateDFF:3:DFFInst"                                    ;
+----------+--------+----------+-------------------------------------------------------------------------------------+
; Port     ; Type   ; Severity ; Details                                                                             ;
+----------+--------+----------+-------------------------------------------------------------------------------------+
; i_enable ; Input  ; Info     ; Stuck at VCC                                                                        ;
; o_qbar   ; Output ; Info     ; Connected to dangling logic. Logic that only feeds a dangling port will be removed. ;
+----------+--------+----------+-------------------------------------------------------------------------------------+


+--------------------------------------------------------------------------------------------------------------------+
; Port Connectivity Checks: "ShiftRegister8:RSR|enARdFF_2:\generateDFF:4:DFFInst"                                    ;
+----------+--------+----------+-------------------------------------------------------------------------------------+
; Port     ; Type   ; Severity ; Details                                                                             ;
+----------+--------+----------+-------------------------------------------------------------------------------------+
; i_enable ; Input  ; Info     ; Stuck at VCC                                                                        ;
; o_qbar   ; Output ; Info     ; Connected to dangling logic. Logic that only feeds a dangling port will be removed. ;
+----------+--------+----------+-------------------------------------------------------------------------------------+


+--------------------------------------------------------------------------------------------------------------------+
; Port Connectivity Checks: "ShiftRegister8:RSR|enARdFF_2:\generateDFF:5:DFFInst"                                    ;
+----------+--------+----------+-------------------------------------------------------------------------------------+
; Port     ; Type   ; Severity ; Details                                                                             ;
+----------+--------+----------+-------------------------------------------------------------------------------------+
; i_enable ; Input  ; Info     ; Stuck at VCC                                                                        ;
; o_qbar   ; Output ; Info     ; Connected to dangling logic. Logic that only feeds a dangling port will be removed. ;
+----------+--------+----------+-------------------------------------------------------------------------------------+


+--------------------------------------------------------------------------------------------------------------------+
; Port Connectivity Checks: "ShiftRegister8:RSR|enARdFF_2:\generateDFF:6:DFFInst"                                    ;
+----------+--------+----------+-------------------------------------------------------------------------------------+
; Port     ; Type   ; Severity ; Details                                                                             ;
+----------+--------+----------+-------------------------------------------------------------------------------------+
; i_enable ; Input  ; Info     ; Stuck at VCC                                                                        ;
; o_qbar   ; Output ; Info     ; Connected to dangling logic. Logic that only feeds a dangling port will be removed. ;
+----------+--------+----------+-------------------------------------------------------------------------------------+


+--------------------------------------------------------------------------------------------------------------------+
; Port Connectivity Checks: "ShiftRegister8:RSR|enARdFF_2:\generateDFF:7:DFFInst"                                    ;
+----------+--------+----------+-------------------------------------------------------------------------------------+
; Port     ; Type   ; Severity ; Details                                                                             ;
+----------+--------+----------+-------------------------------------------------------------------------------------+
; i_enable ; Input  ; Info     ; Stuck at VCC                                                                        ;
; o_qbar   ; Output ; Info     ; Connected to dangling logic. Logic that only feeds a dangling port will be removed. ;
+----------+--------+----------+-------------------------------------------------------------------------------------+


+-----------------------------------------------------------------------------------------------------------------------+
; Port Connectivity Checks: "UARTReceiverController:instIUARTReceiverController|Counter16D:CTR1"                        ;
+-------------+--------+----------+-------------------------------------------------------------------------------------+
; Port        ; Type   ; Severity ; Details                                                                             ;
+-------------+--------+----------+-------------------------------------------------------------------------------------+
; input[2..0] ; Input  ; Info     ; Stuck at GND                                                                        ;
; input[3]    ; Input  ; Info     ; Stuck at VCC                                                                        ;
; expire      ; Output ; Info     ; Connected to dangling logic. Logic that only feeds a dangling port will be removed. ;
; value       ; Output ; Info     ; Connected to dangling logic. Logic that only feeds a dangling port will be removed. ;
+-------------+--------+----------+-------------------------------------------------------------------------------------+


+---------------------------------------------------------------------------------------------------------------------------------+
; Port Connectivity Checks: "UARTReceiverController:instIUARTReceiverController|Counter16D:CTR0|enARdFF_2:\generateDFF:0:dffInst" ;
+----------+--------+----------+--------------------------------------------------------------------------------------------------+
; Port     ; Type   ; Severity ; Details                                                                                          ;
+----------+--------+----------+--------------------------------------------------------------------------------------------------+
; i_enable ; Input  ; Info     ; Stuck at VCC                                                                                     ;
; o_qbar   ; Output ; Info     ; Connected to dangling logic. Logic that only feeds a dangling port will be removed.              ;
+----------+--------+----------+--------------------------------------------------------------------------------------------------+


+---------------------------------------------------------------------------------------------------------------------------------+
; Port Connectivity Checks: "UARTReceiverController:instIUARTReceiverController|Counter16D:CTR0|enARdFF_2:\generateDFF:1:dffInst" ;
+----------+--------+----------+--------------------------------------------------------------------------------------------------+
; Port     ; Type   ; Severity ; Details                                                                                          ;
+----------+--------+----------+--------------------------------------------------------------------------------------------------+
; i_enable ; Input  ; Info     ; Stuck at VCC                                                                                     ;
; o_qbar   ; Output ; Info     ; Connected to dangling logic. Logic that only feeds a dangling port will be removed.              ;
+----------+--------+----------+--------------------------------------------------------------------------------------------------+


+---------------------------------------------------------------------------------------------------------------------------------+
; Port Connectivity Checks: "UARTReceiverController:instIUARTReceiverController|Counter16D:CTR0|enARdFF_2:\generateDFF:2:dffInst" ;
+----------+--------+----------+--------------------------------------------------------------------------------------------------+
; Port     ; Type   ; Severity ; Details                                                                                          ;
+----------+--------+----------+--------------------------------------------------------------------------------------------------+
; i_enable ; Input  ; Info     ; Stuck at VCC                                                                                     ;
; o_qbar   ; Output ; Info     ; Connected to dangling logic. Logic that only feeds a dangling port will be removed.              ;
+----------+--------+----------+--------------------------------------------------------------------------------------------------+


+---------------------------------------------------------------------------------------------------------------------------------+
; Port Connectivity Checks: "UARTReceiverController:instIUARTReceiverController|Counter16D:CTR0|enARdFF_2:\generateDFF:3:dffInst" ;
+----------+--------+----------+--------------------------------------------------------------------------------------------------+
; Port     ; Type   ; Severity ; Details                                                                                          ;
+----------+--------+----------+--------------------------------------------------------------------------------------------------+
; i_enable ; Input  ; Info     ; Stuck at VCC                                                                                     ;
; o_qbar   ; Output ; Info     ; Connected to dangling logic. Logic that only feeds a dangling port will be removed.              ;
+----------+--------+----------+--------------------------------------------------------------------------------------------------+


+------------------------------------------------------------------------------------------------------------------+
; Port Connectivity Checks: "UARTReceiverController:instIUARTReceiverController|Counter16D:CTR0"                   ;
+--------+--------+----------+-------------------------------------------------------------------------------------+
; Port   ; Type   ; Severity ; Details                                                                             ;
+--------+--------+----------+-------------------------------------------------------------------------------------+
; expire ; Output ; Info     ; Connected to dangling logic. Logic that only feeds a dangling port will be removed. ;
; value  ; Output ; Info     ; Connected to dangling logic. Logic that only feeds a dangling port will be removed. ;
+--------+--------+----------+-------------------------------------------------------------------------------------+


+--------------------------------------------------------------------------------------------------------------------+
; Port Connectivity Checks: "UARTReceiverController:instIUARTReceiverController|enARdFF_2:\generateDFF:0:dffInst"    ;
+----------+--------+----------+-------------------------------------------------------------------------------------+
; Port     ; Type   ; Severity ; Details                                                                             ;
+----------+--------+----------+-------------------------------------------------------------------------------------+
; i_enable ; Input  ; Info     ; Stuck at VCC                                                                        ;
; o_q      ; Output ; Info     ; Connected to dangling logic. Logic that only feeds a dangling port will be removed. ;
; o_qbar   ; Output ; Info     ; Connected to dangling logic. Logic that only feeds a dangling port will be removed. ;
+----------+--------+----------+-------------------------------------------------------------------------------------+


+--------------------------------------------------------------------------------------------------------------------+
; Port Connectivity Checks: "UARTReceiverController:instIUARTReceiverController|enARdFF_2:\generateDFF:1:dffInst"    ;
+----------+--------+----------+-------------------------------------------------------------------------------------+
; Port     ; Type   ; Severity ; Details                                                                             ;
+----------+--------+----------+-------------------------------------------------------------------------------------+
; i_enable ; Input  ; Info     ; Stuck at VCC                                                                        ;
; o_q      ; Output ; Info     ; Connected to dangling logic. Logic that only feeds a dangling port will be removed. ;
; o_qbar   ; Output ; Info     ; Connected to dangling logic. Logic that only feeds a dangling port will be removed. ;
+----------+--------+----------+-------------------------------------------------------------------------------------+


+--------------------------------------------------------------------------------------------------------------------+
; Port Connectivity Checks: "UARTReceiverController:instIUARTReceiverController|enARdFF_2:\generateDFF:2:dffInst"    ;
+----------+--------+----------+-------------------------------------------------------------------------------------+
; Port     ; Type   ; Severity ; Details                                                                             ;
+----------+--------+----------+-------------------------------------------------------------------------------------+
; i_enable ; Input  ; Info     ; Stuck at VCC                                                                        ;
; o_q      ; Output ; Info     ; Connected to dangling logic. Logic that only feeds a dangling port will be removed. ;
; o_qbar   ; Output ; Info     ; Connected to dangling logic. Logic that only feeds a dangling port will be removed. ;
+----------+--------+----------+-------------------------------------------------------------------------------------+


+--------------------------------------------------------------------------------------------------------------------+
; Port Connectivity Checks: "UARTReceiverController:instIUARTReceiverController|enARdFF_2:\generateDFF:3:dffInst"    ;
+----------+--------+----------+-------------------------------------------------------------------------------------+
; Port     ; Type   ; Severity ; Details                                                                             ;
+----------+--------+----------+-------------------------------------------------------------------------------------+
; i_enable ; Input  ; Info     ; Stuck at VCC                                                                        ;
; o_q      ; Output ; Info     ; Connected to dangling logic. Logic that only feeds a dangling port will be removed. ;
; o_qbar   ; Output ; Info     ; Connected to dangling logic. Logic that only feeds a dangling port will be removed. ;
+----------+--------+----------+-------------------------------------------------------------------------------------+


+------------------------------------------------------------------------------------------------------------------+
; Port Connectivity Checks: "PackedRegister:SCCR|enARdFF_2:\generateDFF:0:DFFInst"                                 ;
+--------+--------+----------+-------------------------------------------------------------------------------------+
; Port   ; Type   ; Severity ; Details                                                                             ;
+--------+--------+----------+-------------------------------------------------------------------------------------+
; o_qbar ; Output ; Info     ; Connected to dangling logic. Logic that only feeds a dangling port will be removed. ;
+--------+--------+----------+-------------------------------------------------------------------------------------+


+------------------------------------------------------------------------------------------------------------------+
; Port Connectivity Checks: "PackedRegister:SCCR|enARdFF_2:\generateDFF:1:DFFInst"                                 ;
+--------+--------+----------+-------------------------------------------------------------------------------------+
; Port   ; Type   ; Severity ; Details                                                                             ;
+--------+--------+----------+-------------------------------------------------------------------------------------+
; o_qbar ; Output ; Info     ; Connected to dangling logic. Logic that only feeds a dangling port will be removed. ;
+--------+--------+----------+-------------------------------------------------------------------------------------+


+------------------------------------------------------------------------------------------------------------------+
; Port Connectivity Checks: "PackedRegister:SCCR|enARdFF_2:\generateDFF:2:DFFInst"                                 ;
+--------+--------+----------+-------------------------------------------------------------------------------------+
; Port   ; Type   ; Severity ; Details                                                                             ;
+--------+--------+----------+-------------------------------------------------------------------------------------+
; o_qbar ; Output ; Info     ; Connected to dangling logic. Logic that only feeds a dangling port will be removed. ;
+--------+--------+----------+-------------------------------------------------------------------------------------+


+------------------------------------------------------------------------------------------------------------------+
; Port Connectivity Checks: "PackedRegister:SCCR|enARdFF_2:\generateDFF:3:DFFInst"                                 ;
+--------+--------+----------+-------------------------------------------------------------------------------------+
; Port   ; Type   ; Severity ; Details                                                                             ;
+--------+--------+----------+-------------------------------------------------------------------------------------+
; o_qbar ; Output ; Info     ; Connected to dangling logic. Logic that only feeds a dangling port will be removed. ;
+--------+--------+----------+-------------------------------------------------------------------------------------+


+------------------------------------------------------------------------------------------------------------------+
; Port Connectivity Checks: "PackedRegister:SCCR|enARdFF_2:\generateDFF:4:DFFInst"                                 ;
+--------+--------+----------+-------------------------------------------------------------------------------------+
; Port   ; Type   ; Severity ; Details                                                                             ;
+--------+--------+----------+-------------------------------------------------------------------------------------+
; o_qbar ; Output ; Info     ; Connected to dangling logic. Logic that only feeds a dangling port will be removed. ;
+--------+--------+----------+-------------------------------------------------------------------------------------+


+------------------------------------------------------------------------------------------------------------------+
; Port Connectivity Checks: "PackedRegister:SCCR|enARdFF_2:\generateDFF:5:DFFInst"                                 ;
+--------+--------+----------+-------------------------------------------------------------------------------------+
; Port   ; Type   ; Severity ; Details                                                                             ;
+--------+--------+----------+-------------------------------------------------------------------------------------+
; o_qbar ; Output ; Info     ; Connected to dangling logic. Logic that only feeds a dangling port will be removed. ;
+--------+--------+----------+-------------------------------------------------------------------------------------+


+------------------------------------------------------------------------------------------------------------------+
; Port Connectivity Checks: "PackedRegister:SCCR|enARdFF_2:\generateDFF:6:DFFInst"                                 ;
+--------+--------+----------+-------------------------------------------------------------------------------------+
; Port   ; Type   ; Severity ; Details                                                                             ;
+--------+--------+----------+-------------------------------------------------------------------------------------+
; o_qbar ; Output ; Info     ; Connected to dangling logic. Logic that only feeds a dangling port will be removed. ;
+--------+--------+----------+-------------------------------------------------------------------------------------+


+------------------------------------------------------------------------------------------------------------------+
; Port Connectivity Checks: "PackedRegister:SCCR|enARdFF_2:\generateDFF:7:DFFInst"                                 ;
+--------+--------+----------+-------------------------------------------------------------------------------------+
; Port   ; Type   ; Severity ; Details                                                                             ;
+--------+--------+----------+-------------------------------------------------------------------------------------+
; o_qbar ; Output ; Info     ; Connected to dangling logic. Logic that only feeds a dangling port will be removed. ;
+--------+--------+----------+-------------------------------------------------------------------------------------+


+-------------------------------------------------------------------------------------------------------------------------------------------+
; Port Connectivity Checks: "UARTBaudRateGenerator:instUARTBaudRateGenerator|Counter8:instCounter8Divider|enARdFF_2:\generateDFF:0:dffInst" ;
+--------+--------+----------+--------------------------------------------------------------------------------------------------------------+
; Port   ; Type   ; Severity ; Details                                                                                                      ;
+--------+--------+----------+--------------------------------------------------------------------------------------------------------------+
; o_qbar ; Output ; Info     ; Connected to dangling logic. Logic that only feeds a dangling port will be removed.                          ;
+--------+--------+----------+--------------------------------------------------------------------------------------------------------------+


+-------------------------------------------------------------------------------------------------------------------------------------------+
; Port Connectivity Checks: "UARTBaudRateGenerator:instUARTBaudRateGenerator|Counter8:instCounter8Divider|enARdFF_2:\generateDFF:1:dffInst" ;
+--------+--------+----------+--------------------------------------------------------------------------------------------------------------+
; Port   ; Type   ; Severity ; Details                                                                                                      ;
+--------+--------+----------+--------------------------------------------------------------------------------------------------------------+
; o_qbar ; Output ; Info     ; Connected to dangling logic. Logic that only feeds a dangling port will be removed.                          ;
+--------+--------+----------+--------------------------------------------------------------------------------------------------------------+


+-------------------------------------------------------------------------------------------------------------------------------------------+
; Port Connectivity Checks: "UARTBaudRateGenerator:instUARTBaudRateGenerator|Counter8:instCounter8Divider|enARdFF_2:\generateDFF:2:dffInst" ;
+--------+--------+----------+--------------------------------------------------------------------------------------------------------------+
; Port   ; Type   ; Severity ; Details                                                                                                      ;
+--------+--------+----------+--------------------------------------------------------------------------------------------------------------+
; o_qbar ; Output ; Info     ; Connected to dangling logic. Logic that only feeds a dangling port will be removed.                          ;
+--------+--------+----------+--------------------------------------------------------------------------------------------------------------+


+-----------------------------------------------------------------------------------------------------------------------+
; Port Connectivity Checks: "UARTBaudRateGenerator:instUARTBaudRateGenerator|Counter8:instCounter8Divider"              ;
+-------------+--------+----------+-------------------------------------------------------------------------------------+
; Port        ; Type   ; Severity ; Details                                                                             ;
+-------------+--------+----------+-------------------------------------------------------------------------------------+
; en          ; Input  ; Info     ; Stuck at VCC                                                                        ;
; value[1..0] ; Output ; Info     ; Connected to dangling logic. Logic that only feeds a dangling port will be removed. ;
+-------------+--------+----------+-------------------------------------------------------------------------------------+


+----------------------------------------------------------------------------------------------------------------------------------------+
; Port Connectivity Checks: "UARTBaudRateGenerator:instUARTBaudRateGenerator|Counter256:instCounter256|enARdFF_2:\generateDFF:0:dffInst" ;
+--------+--------+----------+-----------------------------------------------------------------------------------------------------------+
; Port   ; Type   ; Severity ; Details                                                                                                   ;
+--------+--------+----------+-----------------------------------------------------------------------------------------------------------+
; o_qbar ; Output ; Info     ; Connected to dangling logic. Logic that only feeds a dangling port will be removed.                       ;
+--------+--------+----------+-----------------------------------------------------------------------------------------------------------+


+----------------------------------------------------------------------------------------------------------------------------------------+
; Port Connectivity Checks: "UARTBaudRateGenerator:instUARTBaudRateGenerator|Counter256:instCounter256|enARdFF_2:\generateDFF:1:dffInst" ;
+--------+--------+----------+-----------------------------------------------------------------------------------------------------------+
; Port   ; Type   ; Severity ; Details                                                                                                   ;
+--------+--------+----------+-----------------------------------------------------------------------------------------------------------+
; o_qbar ; Output ; Info     ; Connected to dangling logic. Logic that only feeds a dangling port will be removed.                       ;
+--------+--------+----------+-----------------------------------------------------------------------------------------------------------+


+----------------------------------------------------------------------------------------------------------------------------------------+
; Port Connectivity Checks: "UARTBaudRateGenerator:instUARTBaudRateGenerator|Counter256:instCounter256|enARdFF_2:\generateDFF:2:dffInst" ;
+--------+--------+----------+-----------------------------------------------------------------------------------------------------------+
; Port   ; Type   ; Severity ; Details                                                                                                   ;
+--------+--------+----------+-----------------------------------------------------------------------------------------------------------+
; o_qbar ; Output ; Info     ; Connected to dangling logic. Logic that only feeds a dangling port will be removed.                       ;
+--------+--------+----------+-----------------------------------------------------------------------------------------------------------+


+----------------------------------------------------------------------------------------------------------------------------------------+
; Port Connectivity Checks: "UARTBaudRateGenerator:instUARTBaudRateGenerator|Counter256:instCounter256|enARdFF_2:\generateDFF:3:dffInst" ;
+--------+--------+----------+-----------------------------------------------------------------------------------------------------------+
; Port   ; Type   ; Severity ; Details                                                                                                   ;
+--------+--------+----------+-----------------------------------------------------------------------------------------------------------+
; o_qbar ; Output ; Info     ; Connected to dangling logic. Logic that only feeds a dangling port will be removed.                       ;
+--------+--------+----------+-----------------------------------------------------------------------------------------------------------+


+----------------------------------------------------------------------------------------------------------------------------------------+
; Port Connectivity Checks: "UARTBaudRateGenerator:instUARTBaudRateGenerator|Counter256:instCounter256|enARdFF_2:\generateDFF:4:dffInst" ;
+--------+--------+----------+-----------------------------------------------------------------------------------------------------------+
; Port   ; Type   ; Severity ; Details                                                                                                   ;
+--------+--------+----------+-----------------------------------------------------------------------------------------------------------+
; o_qbar ; Output ; Info     ; Connected to dangling logic. Logic that only feeds a dangling port will be removed.                       ;
+--------+--------+----------+-----------------------------------------------------------------------------------------------------------+


+----------------------------------------------------------------------------------------------------------------------------------------+
; Port Connectivity Checks: "UARTBaudRateGenerator:instUARTBaudRateGenerator|Counter256:instCounter256|enARdFF_2:\generateDFF:5:dffInst" ;
+--------+--------+----------+-----------------------------------------------------------------------------------------------------------+
; Port   ; Type   ; Severity ; Details                                                                                                   ;
+--------+--------+----------+-----------------------------------------------------------------------------------------------------------+
; o_qbar ; Output ; Info     ; Connected to dangling logic. Logic that only feeds a dangling port will be removed.                       ;
+--------+--------+----------+-----------------------------------------------------------------------------------------------------------+


+----------------------------------------------------------------------------------------------------------------------------------------+
; Port Connectivity Checks: "UARTBaudRateGenerator:instUARTBaudRateGenerator|Counter256:instCounter256|enARdFF_2:\generateDFF:6:dffInst" ;
+--------+--------+----------+-----------------------------------------------------------------------------------------------------------+
; Port   ; Type   ; Severity ; Details                                                                                                   ;
+--------+--------+----------+-----------------------------------------------------------------------------------------------------------+
; o_qbar ; Output ; Info     ; Connected to dangling logic. Logic that only feeds a dangling port will be removed.                       ;
+--------+--------+----------+-----------------------------------------------------------------------------------------------------------+


+----------------------------------------------------------------------------------------------------------------------------------------+
; Port Connectivity Checks: "UARTBaudRateGenerator:instUARTBaudRateGenerator|Counter256:instCounter256|enARdFF_2:\generateDFF:7:dffInst" ;
+--------+--------+----------+-----------------------------------------------------------------------------------------------------------+
; Port   ; Type   ; Severity ; Details                                                                                                   ;
+--------+--------+----------+-----------------------------------------------------------------------------------------------------------+
; o_qbar ; Output ; Info     ; Connected to dangling logic. Logic that only feeds a dangling port will be removed.                       ;
+--------+--------+----------+-----------------------------------------------------------------------------------------------------------+


+-------------------------------------------------------------------------------------------------------+
; Port Connectivity Checks: "UARTBaudRateGenerator:instUARTBaudRateGenerator|Counter256:instCounter256" ;
+------+-------+----------+-----------------------------------------------------------------------------+
; Port ; Type  ; Severity ; Details                                                                     ;
+------+-------+----------+-----------------------------------------------------------------------------+
; en   ; Input ; Info     ; Stuck at VCC                                                                ;
+------+-------+----------+-----------------------------------------------------------------------------+


+-------------------------------+
; Analysis & Synthesis Messages ;
+-------------------------------+
Info: *******************************************************************
Info: Running Quartus II 64-Bit Analysis & Synthesis
    Info: Version 13.0.1 Build 232 06/12/2013 Service Pack 1 SJ Web Edition
    Info: Processing started: Sat Nov 30 17:22:00 2024
Info: Command: quartus_map --read_settings_files=on --write_settings_files=off Project -c Project
Warning (20028): Parallel compilation is not licensed and has been disabled
Info (12021): Found 2 design units, including 1 entities, in source file counter16.vhd
    Info (12022): Found design unit 1: Counter16-Structural
    Info (12023): Found entity 1: Counter16
Info (12021): Found 2 design units, including 1 entities, in source file counter256.vhd
    Info (12022): Found design unit 1: Counter256-Structural
    Info (12023): Found entity 1: Counter256
Info (12021): Found 2 design units, including 1 entities, in source file counter16d.vhd
    Info (12022): Found design unit 1: Counter16D-Structural
    Info (12023): Found entity 1: Counter16D
Info (12021): Found 2 design units, including 1 entities, in source file counter8.vhd
    Info (12022): Found design unit 1: Counter8-Structural
    Info (12023): Found entity 1: Counter8
Info (12021): Found 2 design units, including 1 entities, in source file clockdivider.vhd
    Info (12022): Found design unit 1: ClockDivider-RTL
    Info (12023): Found entity 1: ClockDivider
Info (12021): Found 2 design units, including 1 entities, in source file mux4.vhd
    Info (12022): Found design unit 1: MUX4-Structural
    Info (12023): Found entity 1: MUX4
Info (12021): Found 2 design units, including 1 entities, in source file mux8.vhd
    Info (12022): Found design unit 1: MUX8-Structural
    Info (12023): Found entity 1: MUX8
Info (12021): Found 2 design units, including 1 entities, in source file packedregister.vhd
    Info (12022): Found design unit 1: PackedRegister-Structural
    Info (12023): Found entity 1: PackedRegister
Info (12021): Found 2 design units, including 1 entities, in source file decoder4.vhd
    Info (12022): Found design unit 1: Decoder4-Structural
    Info (12023): Found entity 1: Decoder4
Info (12021): Found 2 design units, including 1 entities, in source file shiftregister8.vhd
    Info (12022): Found design unit 1: ShiftRegister8-Structural
    Info (12023): Found entity 1: ShiftRegister8
Info (12021): Found 2 design units, including 1 entities, in source file uarttransmittercontroller.vhd
    Info (12022): Found design unit 1: UARTTransmitterController-Structural
    Info (12023): Found entity 1: UARTTransmitterController
Info (12021): Found 2 design units, including 1 entities, in source file uartreceivercontroller.vhd
    Info (12022): Found design unit 1: UARTReceiverController-Structural
    Info (12023): Found entity 1: UARTReceiverController
Info (12021): Found 2 design units, including 1 entities, in source file uartbaudrategenerator.vhd
    Info (12022): Found design unit 1: UARTBaudRateGenerator-Structural
    Info (12023): Found entity 1: UARTBaudRateGenerator
Info (12021): Found 2 design units, including 1 entities, in source file uartfsm.vhd
    Info (12022): Found design unit 1: UARTFSM-Structural
    Info (12023): Found entity 1: UARTFSM
Info (12021): Found 1 design units, including 1 entities, in source file trafficlightcontroller.bdf
    Info (12023): Found entity 1: TrafficLightController
Info (12021): Found 2 design units, including 1 entities, in source file fsmcontroller.vhd
    Info (12022): Found design unit 1: FSMController-Structural
    Info (12023): Found entity 1: FSMController
Info (12021): Found 2 design units, including 1 entities, in source file enardff_2.vhd
    Info (12022): Found design unit 1: enARdFF_2-rtl
    Info (12023): Found entity 1: enARdFF_2
Info (12021): Found 2 design units, including 1 entities, in source file dec_7seg.vhd
    Info (12022): Found design unit 1: dec_7seg-rtl
    Info (12023): Found entity 1: dec_7seg
Info (12021): Found 2 design units, including 1 entities, in source file debouncer_2.vhd
    Info (12022): Found design unit 1: debouncer_2-rtl
    Info (12023): Found entity 1: debouncer_2
Info (12021): Found 2 design units, including 1 entities, in source file constantsst.vhd
    Info (12022): Found design unit 1: ConstantSST-Structural
    Info (12023): Found entity 1: ConstantSST
Info (12021): Found 2 design units, including 1 entities, in source file constantmst.vhd
    Info (12022): Found design unit 1: ConstantMST-Structural
    Info (12023): Found entity 1: ConstantMST
Info (12021): Found 2 design units, including 1 entities, in source file binary2bcddecoder4.vhd
    Info (12022): Found design unit 1: Binary2BCDDecoder4-Structural
    Info (12023): Found entity 1: Binary2BCDDecoder4
Info (12021): Found 1 design units, including 1 entities, in source file project.bdf
    Info (12023): Found entity 1: Project
Info (12021): Found 1 design units, including 1 entities, in source file trafficlightcontrollerwithdebugmessages.bdf
    Info (12023): Found entity 1: TrafficLightControllerWithDebugMessages
Info (12021): Found 1 design units, including 1 entities, in source file uarttop.bdf
    Info (12023): Found entity 1: UARTTop
Info (12021): Found 1 design units, including 1 entities, in source file uart.bdf
    Info (12023): Found entity 1: UART
Info (12127): Elaborating entity "UART" for the top level hierarchy
Warning (275011): Block or symbol "OR2" of instance "instOr" overlaps another block or symbol
Warning (275008): Primitive "VCC" of instance "instVCC" not used
Info (12128): Elaborating entity "enARdFF_2" for hierarchy "enARdFF_2:TxDFF"
Info (12128): Elaborating entity "UARTBaudRateGenerator" for hierarchy "UARTBaudRateGenerator:instUARTBaudRateGenerator"
Critical Warning (10920): VHDL Incomplete Partial Association warning at UARTBaudRateGenerator.vhd(96): port or argument "VALUE" has 2/3 unassociated elements
Info (12128): Elaborating entity "ClockDivider" for hierarchy "UARTBaudRateGenerator:instUARTBaudRateGenerator|ClockDivider:instClockDivider"
Info (12128): Elaborating entity "Counter256" for hierarchy "UARTBaudRateGenerator:instUARTBaudRateGenerator|Counter256:instCounter256"
Info (12128): Elaborating entity "MUX8" for hierarchy "UARTBaudRateGenerator:instUARTBaudRateGenerator|MUX8:instMUX8"
Info (12128): Elaborating entity "Counter8" for hierarchy "UARTBaudRateGenerator:instUARTBaudRateGenerator|Counter8:instCounter8Divider"
Info (12128): Elaborating entity "PackedRegister" for hierarchy "PackedRegister:SCCR"
Info (12128): Elaborating entity "Decoder4" for hierarchy "Decoder4:AddressDecoder"
Info (10041): Inferred latch for "O[0]" at Decoder4.vhd(16)
Info (10041): Inferred latch for "O[1]" at Decoder4.vhd(16)
Info (10041): Inferred latch for "O[2]" at Decoder4.vhd(16)
Info (10041): Inferred latch for "O[3]" at Decoder4.vhd(16)
Info (12128): Elaborating entity "MUX8" for hierarchy "MUX8:Bus"
Info (12128): Elaborating entity "UARTReceiverController" for hierarchy "UARTReceiverController:instIUARTReceiverController"
Warning (10541): VHDL Signal Declaration warning at UARTReceiverController.vhd(13): used implicit default value for signal "RDRF_LOAD" because signal was never assigned a value or an explicit default value. Use of implicit default value may introduce unintended design optimizations.
Warning (10541): VHDL Signal Declaration warning at UARTReceiverController.vhd(14): used implicit default value for signal "RDRF_WRITE" because signal was never assigned a value or an explicit default value. Use of implicit default value may introduce unintended design optimizations.
Warning (10541): VHDL Signal Declaration warning at UARTReceiverController.vhd(16): used implicit default value for signal "OE_LOAD" because signal was never assigned a value or an explicit default value. Use of implicit default value may introduce unintended design optimizations.
Warning (10541): VHDL Signal Declaration warning at UARTReceiverController.vhd(17): used implicit default value for signal "OE_WRITE" because signal was never assigned a value or an explicit default value. Use of implicit default value may introduce unintended design optimizations.
Warning (10541): VHDL Signal Declaration warning at UARTReceiverController.vhd(19): used implicit default value for signal "FE_LOAD" because signal was never assigned a value or an explicit default value. Use of implicit default value may introduce unintended design optimizations.
Warning (10541): VHDL Signal Declaration warning at UARTReceiverController.vhd(20): used implicit default value for signal "FE_WRITE" because signal was never assigned a value or an explicit default value. Use of implicit default value may introduce unintended design optimizations.
Warning (10541): VHDL Signal Declaration warning at UARTReceiverController.vhd(22): used implicit default value for signal "RSR_SHIFT" because signal was never assigned a value or an explicit default value. Use of implicit default value may introduce unintended design optimizations.
Warning (10541): VHDL Signal Declaration warning at UARTReceiverController.vhd(24): used implicit default value for signal "RDR_LOAD" because signal was never assigned a value or an explicit default value. Use of implicit default value may introduce unintended design optimizations.
Warning (10541): VHDL Signal Declaration warning at UARTReceiverController.vhd(49): used implicit default value for signal "CTR0_EN" because signal was never assigned a value or an explicit default value. Use of implicit default value may introduce unintended design optimizations.
Warning (10541): VHDL Signal Declaration warning at UARTReceiverController.vhd(50): used implicit default value for signal "CTR0_LOAD" because signal was never assigned a value or an explicit default value. Use of implicit default value may introduce unintended design optimizations.
Warning (10541): VHDL Signal Declaration warning at UARTReceiverController.vhd(51): used implicit default value for signal "CTR0_IN" because signal was never assigned a value or an explicit default value. Use of implicit default value may introduce unintended design optimizations.
Warning (10036): Verilog HDL or VHDL warning at UARTReceiverController.vhd(52): object "CTR0_EXPIRE" assigned a value but never read
Warning (10541): VHDL Signal Declaration warning at UARTReceiverController.vhd(54): used implicit default value for signal "CTR1_CLK" because signal was never assigned a value or an explicit default value. Use of implicit default value may introduce unintended design optimizations.
Warning (10541): VHDL Signal Declaration warning at UARTReceiverController.vhd(55): used implicit default value for signal "CTR1_EN" because signal was never assigned a value or an explicit default value. Use of implicit default value may introduce unintended design optimizations.
Warning (10541): VHDL Signal Declaration warning at UARTReceiverController.vhd(56): used implicit default value for signal "CTR1_LOAD" because signal was never assigned a value or an explicit default value. Use of implicit default value may introduce unintended design optimizations.
Warning (10036): Verilog HDL or VHDL warning at UARTReceiverController.vhd(57): object "CTR1_EXPIRE" assigned a value but never read
Warning (10541): VHDL Signal Declaration warning at UARTReceiverController.vhd(59): used implicit default value for signal "signalD" because signal was never assigned a value or an explicit default value. Use of implicit default value may introduce unintended design optimizations.
Warning (10036): Verilog HDL or VHDL warning at UARTReceiverController.vhd(60): object "signalQ" assigned a value but never read
Info (12128): Elaborating entity "Counter16D" for hierarchy "UARTReceiverController:instIUARTReceiverController|Counter16D:CTR0"
Info (10041): Inferred latch for "signalD[0]" at Counter16D.vhd(39)
Info (10041): Inferred latch for "signalD[1]" at Counter16D.vhd(39)
Info (10041): Inferred latch for "signalD[2]" at Counter16D.vhd(39)
Info (10041): Inferred latch for "signalD[3]" at Counter16D.vhd(39)
Info (12128): Elaborating entity "ShiftRegister8" for hierarchy "ShiftRegister8:RSR"
Info (12128): Elaborating entity "MUX4" for hierarchy "ShiftRegister8:RSR|MUX4:\generateMUX:7:MUX4Inst"
Info (12128): Elaborating entity "UARTTransmitterController" for hierarchy "UARTTransmitterController:instUARTTransmitterController"
Warning (10541): VHDL Signal Declaration warning at UARTTransmitterController.vhd(13): used implicit default value for signal "TDRE_LOAD" because signal was never assigned a value or an explicit default value. Use of implicit default value may introduce unintended design optimizations.
Warning (10541): VHDL Signal Declaration warning at UARTTransmitterController.vhd(14): used implicit default value for signal "TDRE_WRITE" because signal was never assigned a value or an explicit default value. Use of implicit default value may introduce unintended design optimizations.
Warning (10541): VHDL Signal Declaration warning at UARTTransmitterController.vhd(16): used implicit default value for signal "TDR_LOAD" because signal was never assigned a value or an explicit default value. Use of implicit default value may introduce unintended design optimizations.
Warning (10541): VHDL Signal Declaration warning at UARTTransmitterController.vhd(18): used implicit default value for signal "TSR_LOAD" because signal was never assigned a value or an explicit default value. Use of implicit default value may introduce unintended design optimizations.
Warning (10541): VHDL Signal Declaration warning at UARTTransmitterController.vhd(19): used implicit default value for signal "TSR_SHIFT" because signal was never assigned a value or an explicit default value. Use of implicit default value may introduce unintended design optimizations.
Warning (10541): VHDL Signal Declaration warning at UARTTransmitterController.vhd(21): used implicit default value for signal "TxDFF_SET" because signal was never assigned a value or an explicit default value. Use of implicit default value may introduce unintended design optimizations.
Warning (10541): VHDL Signal Declaration warning at UARTTransmitterController.vhd(22): used implicit default value for signal "TxDFF_LOAD" because signal was never assigned a value or an explicit default value. Use of implicit default value may introduce unintended design optimizations.
Warning (10541): VHDL Signal Declaration warning at UARTTransmitterController.vhd(47): used implicit default value for signal "CTR_LOAD" because signal was never assigned a value or an explicit default value. Use of implicit default value may introduce unintended design optimizations.
Warning (10541): VHDL Signal Declaration warning at UARTTransmitterController.vhd(48): used implicit default value for signal "CTR_EN" because signal was never assigned a value or an explicit default value. Use of implicit default value may introduce unintended design optimizations.
Warning (10036): Verilog HDL or VHDL warning at UARTTransmitterController.vhd(49): object "CTR_EXPIRE" assigned a value but never read
Warning (10541): VHDL Signal Declaration warning at UARTTransmitterController.vhd(51): used implicit default value for signal "signalD" because signal was never assigned a value or an explicit default value. Use of implicit default value may introduce unintended design optimizations.
Warning (10036): Verilog HDL or VHDL warning at UARTTransmitterController.vhd(52): object "signalQ" assigned a value but never read
Error (12009): Node "OE" is missing source
Error (12009): Node "RDRF" is missing source
Error (12009): Node "TDRE" is missing source
Error: Quartus II 64-Bit Analysis & Synthesis was unsuccessful. 3 errors, 34 warnings
    Error: Peak virtual memory: 4641 megabytes
    Error: Processing ended: Sat Nov 30 17:26:57 2024
    Error: Elapsed time: 00:04:57
    Error: Total CPU time (on all processors): 00:00:05


